// Code generated by thunk; DO NOT EDIT.
package noname

type LazyA struct {
	inner A
}

func (l *LazyA) Foo(arg0 string, arg1 int) func() error {
	return func() error {
		return l.inner.Foo(arg0, arg1)
	}
}

func NewLazyA(inner A) *LazyA {
	return &LazyA{inner: inner}
}
