// Code generated by thunk; DO NOT EDIT.
package hello

type LazyHello struct {
	inner Hello
}

func (l *LazyHello) Greet(person string) func() string {
	return func() string {
		return l.inner.Greet(person)
	}
}

func NewLazyHello(inner Hello) *LazyHello {
	return &LazyHello{inner: inner}
}
