// Code generated by thunk; DO NOT EDIT.
package withthirdimport

import (
	"golang.org/x/xerrors"

	"github.com/gostaticanalysis/knife"
)

type LazyA struct {
	inner A
}

func (l *LazyA) Foo(node knife.ASTNode) func() xerrors.Formatter {
	return func() xerrors.Formatter {
		return l.inner.Foo(node)
	}
}

func NewLazyA(inner A) *LazyA {
	return &LazyA{inner: inner}
}
