// Code generated by thunk; DO NOT EDIT.
package nomethod

type LazyNoMethod struct {
	inner NoMethod
}

func NewLazyNoMethod(inner NoMethod) *LazyNoMethod {
	return &LazyNoMethod{inner: inner}
}
