// Code generated by thunk; DO NOT EDIT.
package main

type LazyMyIF struct {
	inner MyIF
}

func (l *LazyMyIF) WithTypes(i MyInt, s mySecret) func() *MyStruct {
	return func() *MyStruct {
		return l.inner.WithTypes(i, s)
	}
}

func NewLazyMyIF(inner MyIF) *LazyMyIF {
	return &LazyMyIF{inner: inner}
}
