// Code generated by thunk; DO NOT EDIT.
package variadic

type LazyVariadic struct {
	inner Variadic
}

func (l *LazyVariadic) Foo(n int, options ...string) func() error {
	return func() error {
		return l.inner.Foo(n, options...)
	}
}

func NewLazyVariadic(inner Variadic) *LazyVariadic {
	return &LazyVariadic{inner: inner}
}
