// Code generated by thunk; DO NOT EDIT.
package withimport

import (
	"context"
	"encoding/json"
	"io"
)

type LazyA struct {
	inner A
}

func (l *LazyA) Bar(m json.Marshaler) func() {
	return func() {
		l.inner.Bar(m)
	}
}

func (l *LazyA) Baz(m map[json.Unmarshaler]io.Writer) func() {
	return func() {
		l.inner.Baz(m)
	}
}

func (l *LazyA) Foo(ctx context.Context) func() io.Reader {
	return func() io.Reader {
		return l.inner.Foo(ctx)
	}
}

func NewLazyA(inner A) *LazyA {
	return &LazyA{inner: inner}
}
